# Inverse sampling step
15
# Prism
0 0 0 3 3
compute_map:
0 0
0 1
0 2
0 3
1 0
1 1
1 2
1 3
2 0
adapter_map:
